mo_513_control switch=True log=[]
mo_513_noorigin switch=True log=[]
mo_514_box_scale2 switch=True log=[]
mo_514_box_scale3 switch=True log=[]
mo_514_box_scale3z0 switch=True log=[]
mo_514_box_scale3z1 switch=True log=[]
mo_514_img_scale2 switch=True log=[]
mo_514_img_scale3 switch=True log=[]
mo_516_nested_flat switch=True log=[]
mo_516_nested_tilt switch=True log=[]
mo_517_cull_normal switch=True log=[]
mo_517_cull_normal_flipx switch=True log=[]
mo_518_alpha_0 switch=True log=[]
mo_518_alpha_0p004 switch=True log=[]
mo_518_alpha_0p01 switch=True log=[]
mo_518_alpha_0p05 switch=True log=[]
mo_518_alpha_0p5 switch=True log=[]
mo_519_orthozoom2 switch=True log=[]
mo2_518_alpha_1 switch=True log=[]
mo2_518_alpha_0p5 switch=True log=[]
mo2_518_alpha_0p1 switch=True log=[]
mo2_518_alpha_0p01 switch=True log=[]
mo2_518_alpha_0p001 switch=True log=[]
mo2_518_alpha_0 switch=True log=[]
mo2_511_missing_attr switch=True log=[]
mo2_510_text_depth_enabled switch=True log=[]
mo2_510_text_depth_disabled switch=True log=[]
mo2_515_attach_chain switch=True log=[]
mo2_518_alpha_1 switch=True log=[]
mo2_518_alpha_0 switch=True log=[]
mo2_518m_matalpha_0p5 switch=True log=[]
mo2_518m_matalpha_0p1 switch=True log=[]
mo2_518m_matalpha_0p01 switch=True log=[]
mo2_518m_matalpha_0p001 switch=True log=[]
mo2_518m_matalpha_0 switch=True log=[]
mo2_510_text_depth_enabled switch=True log=[]
mo2_510_text_depth_disabled switch=True log=[]
mo2_515_attach_chain switch=True log=[]
