
== user_cloud1 ok
== user_irism ok
== user_pulse ok
== user_scrol ok
== blend ok
== blendgradient ok
== blur ok
== blurprecise ok
== blurradial ok
== chromaticaberration ok
== cloudmotion ok
== clouds ok
== colorkey ok
== cursorripple ok
== depthparallax ok
== edgedetection ok
== filmgrain ok
== fire ok
== fisheye ok
== fluidsimulation ok
== foliagesway ok
== glitter ok
== godrays ok
== iris ok
== lightshafts ok
== localcontrast ok
== motionblur ok
== nitro ok
== none ok
== opacity ok
== perspective ok
== pulse ok
== reflection ok
== refraction ok
== scroll ok
== shake ok
== shimmer ok
== shine ok
== skew ok
== spin ok
== swing ok
== tint ok
== transform ok
== twirl ok
== vhs ok
== watercaustics ok
== waterflow ok
== waterripple ok
== waterwaves ok
== xray ok
done
