
== ptce_alphachange ok
== ptce_alphafade ok
== ptce_alpharandom ok
== ptce_angularmovement ok
== ptce_angularvelocityrandom ok
== ptce_boids ok
== ptce_boxrandom ok
== ptce_capvelocity ok
== ptce_collisionbounds ok
== ptce_collisionmodel ok
== ptce_collisionplane ok
== ptce_collisionquad ok
== ptce_collisionsphere ok
== ptce_colorchange ok
== ptce_colorlist ok
== ptce_colorrandom ok
== ptce_controlpointattract ok
== ptce_hsvcolorrandom ok
== ptce_inheritcontrolpointvelocity ok
== ptce_inheritinitialvaluefromevent ok
== ptce_inheritvaluefromevent ok
== ptce_layerimage ok
== ptce_lifetimerandom ok
== ptce_maintaindistancebetweencontrolpoints ok
== ptce_maintaindistancetocontrolpoint ok
== ptce_mapsequencearoundcontrolpoint ok
== ptce_mapsequencebetweencontrolpoints ok
== ptce_movement ok
== ptce_oscillatealpha ok
== ptce_oscillateposition ok
== ptce_oscillatesize ok
== ptce_positionoffsetrandom ok
== ptce_reducemovementnearcontrolpoint ok
== ptce_remapinitialvalue ok
== ptce_remapvalue ok
== ptce_rope ok
== ptce_ropetrail ok
== ptce_rotationrandom ok
== ptce_sizechange ok
== ptce_sizerandom ok
== ptce_sphererandom ok
== ptce_sprite ok
== ptce_spritetrail ok
== ptce_turbulence ok
== ptce_turbulentvelocityrandom ok
== ptce_velocityrandom ok
== ptce_vortex ok
== ptce_vortex_v2 ok
done
== ptce_alphachange ok
== ptce_alpharandom ok
== ptce_angularvelocityrandom ok
== ptce_boxrandom ok
== ptce_collisionbounds ok
== ptce_collisionsphere ok
== ptce_colorrandom ok
== ptce_hsvcolorrandom ok
== ptce_inheritinitialvaluefromevent ok
== ptce_layerimage ok
== ptce_maintaindistancebetweencontrolpoints ok
== ptce_mapsequencearoundcontrolpoint ok
== ptce_movement ok
== ptce_oscillateposition ok
== ptce_positionoffsetrandom ok
== ptce_remapinitialvalue ok
== ptce_rope ok
== ptce_rotationrandom ok
== ptce_turbulence ok
== ptce_velocityrandom ok
== ptce_vortex_v2 ok
done
